Archive member included to satisfy reference by file (symbol)

C:/ST/STM32CubeIDE_1.13.1/STM32CubeIDE/plugins/com.st.stm32cube.ide.mcu.externaltools.gnu-tools-for-stm32.11.3.rel1.win32_1.1.0.202305231506/tools/bin/../lib/gcc/arm-none-eabi/11.3.1/../../../../arm-none-eabi/lib/thumb/v7-m/nofp\libc_nano.a(libc_a-exit.o)
                              C:/ST/STM32CubeIDE_1.13.1/STM32CubeIDE/plugins/com.st.stm32cube.ide.mcu.externaltools.gnu-tools-for-stm32.11.3.rel1.win32_1.1.0.202305231506/tools/bin/../lib/gcc/arm-none-eabi/11.3.1/../../../../arm-none-eabi/lib/thumb/v7-m/nofp/crt0.o (exit)
C:/ST/STM32CubeIDE_1.13.1/STM32CubeIDE/plugins/com.st.stm32cube.ide.mcu.externaltools.gnu-tools-for-stm32.11.3.rel1.win32_1.1.0.202305231506/tools/bin/../lib/gcc/arm-none-eabi/11.3.1/../../../../arm-none-eabi/lib/thumb/v7-m/nofp\libc_nano.a(libc_a-findfp.o)
                              C:/ST/STM32CubeIDE_1.13.1/STM32CubeIDE/plugins/com.st.stm32cube.ide.mcu.externaltools.gnu-tools-for-stm32.11.3.rel1.win32_1.1.0.202305231506/tools/bin/../lib/gcc/arm-none-eabi/11.3.1/../../../../arm-none-eabi/lib/thumb/v7-m/nofp\libc_nano.a(libc_a-exit.o) (__stdio_exit_handler)
C:/ST/STM32CubeIDE_1.13.1/STM32CubeIDE/plugins/com.st.stm32cube.ide.mcu.externaltools.gnu-tools-for-stm32.11.3.rel1.win32_1.1.0.202305231506/tools/bin/../lib/gcc/arm-none-eabi/11.3.1/../../../../arm-none-eabi/lib/thumb/v7-m/nofp\libc_nano.a(libc_a-fwalk.o)
                              C:/ST/STM32CubeIDE_1.13.1/STM32CubeIDE/plugins/com.st.stm32cube.ide.mcu.externaltools.gnu-tools-for-stm32.11.3.rel1.win32_1.1.0.202305231506/tools/bin/../lib/gcc/arm-none-eabi/11.3.1/../../../../arm-none-eabi/lib/thumb/v7-m/nofp\libc_nano.a(libc_a-findfp.o) (_fwalk_sglue)
C:/ST/STM32CubeIDE_1.13.1/STM32CubeIDE/plugins/com.st.stm32cube.ide.mcu.externaltools.gnu-tools-for-stm32.11.3.rel1.win32_1.1.0.202305231506/tools/bin/../lib/gcc/arm-none-eabi/11.3.1/../../../../arm-none-eabi/lib/thumb/v7-m/nofp\libc_nano.a(libc_a-stdio.o)
                              C:/ST/STM32CubeIDE_1.13.1/STM32CubeIDE/plugins/com.st.stm32cube.ide.mcu.externaltools.gnu-tools-for-stm32.11.3.rel1.win32_1.1.0.202305231506/tools/bin/../lib/gcc/arm-none-eabi/11.3.1/../../../../arm-none-eabi/lib/thumb/v7-m/nofp\libc_nano.a(libc_a-findfp.o) (__sread)
C:/ST/STM32CubeIDE_1.13.1/STM32CubeIDE/plugins/com.st.stm32cube.ide.mcu.externaltools.gnu-tools-for-stm32.11.3.rel1.win32_1.1.0.202305231506/tools/bin/../lib/gcc/arm-none-eabi/11.3.1/../../../../arm-none-eabi/lib/thumb/v7-m/nofp\libc_nano.a(libc_a-memset.o)
                              C:/ST/STM32CubeIDE_1.13.1/STM32CubeIDE/plugins/com.st.stm32cube.ide.mcu.externaltools.gnu-tools-for-stm32.11.3.rel1.win32_1.1.0.202305231506/tools/bin/../lib/gcc/arm-none-eabi/11.3.1/../../../../arm-none-eabi/lib/thumb/v7-m/nofp/crt0.o (memset)
C:/ST/STM32CubeIDE_1.13.1/STM32CubeIDE/plugins/com.st.stm32cube.ide.mcu.externaltools.gnu-tools-for-stm32.11.3.rel1.win32_1.1.0.202305231506/tools/bin/../lib/gcc/arm-none-eabi/11.3.1/../../../../arm-none-eabi/lib/thumb/v7-m/nofp\libc_nano.a(libc_a-closer.o)
                              C:/ST/STM32CubeIDE_1.13.1/STM32CubeIDE/plugins/com.st.stm32cube.ide.mcu.externaltools.gnu-tools-for-stm32.11.3.rel1.win32_1.1.0.202305231506/tools/bin/../lib/gcc/arm-none-eabi/11.3.1/../../../../arm-none-eabi/lib/thumb/v7-m/nofp\libc_nano.a(libc_a-stdio.o) (_close_r)
C:/ST/STM32CubeIDE_1.13.1/STM32CubeIDE/plugins/com.st.stm32cube.ide.mcu.externaltools.gnu-tools-for-stm32.11.3.rel1.win32_1.1.0.202305231506/tools/bin/../lib/gcc/arm-none-eabi/11.3.1/../../../../arm-none-eabi/lib/thumb/v7-m/nofp\libc_nano.a(libc_a-reent.o)
                              C:/ST/STM32CubeIDE_1.13.1/STM32CubeIDE/plugins/com.st.stm32cube.ide.mcu.externaltools.gnu-tools-for-stm32.11.3.rel1.win32_1.1.0.202305231506/tools/bin/../lib/gcc/arm-none-eabi/11.3.1/../../../../arm-none-eabi/lib/thumb/v7-m/nofp\libc_nano.a(libc_a-closer.o) (errno)
C:/ST/STM32CubeIDE_1.13.1/STM32CubeIDE/plugins/com.st.stm32cube.ide.mcu.externaltools.gnu-tools-for-stm32.11.3.rel1.win32_1.1.0.202305231506/tools/bin/../lib/gcc/arm-none-eabi/11.3.1/../../../../arm-none-eabi/lib/thumb/v7-m/nofp\libc_nano.a(libc_a-impure.o)
                              C:/ST/STM32CubeIDE_1.13.1/STM32CubeIDE/plugins/com.st.stm32cube.ide.mcu.externaltools.gnu-tools-for-stm32.11.3.rel1.win32_1.1.0.202305231506/tools/bin/../lib/gcc/arm-none-eabi/11.3.1/../../../../arm-none-eabi/lib/thumb/v7-m/nofp\libc_nano.a(libc_a-reent.o) (_impure_ptr)
C:/ST/STM32CubeIDE_1.13.1/STM32CubeIDE/plugins/com.st.stm32cube.ide.mcu.externaltools.gnu-tools-for-stm32.11.3.rel1.win32_1.1.0.202305231506/tools/bin/../lib/gcc/arm-none-eabi/11.3.1/../../../../arm-none-eabi/lib/thumb/v7-m/nofp\libc_nano.a(libc_a-lseekr.o)
[...]
Memory Configuration

Name             Origin             Length             Attributes
RAM              0x0000000020000000 0x0000000000002800 xrw
FLASH            0x0000000008000000 0x0000000000008000 xr
*default*        0x0000000000000000 0xffffffffffffffff

Linker script and memory map

LOAD C:/ST/STM32CubeIDE_1.13.1/STM32CubeIDE/plugins/com.st.stm32cube.ide.mcu.externaltools.gnu-tools-for-stm32.11.3.rel1.win32_1.1.0.202305231506/tools/bin/../lib/gcc/arm-none-eabi/11.3.1/thumb/v7-m/nofp/crti.o
LOAD C:/ST/STM32CubeIDE_1.13.1/STM32CubeIDE/plugins/com.st.stm32cube.ide.mcu.externaltools.gnu-tools-for-stm32.11.3.rel1.win32_1.1.0.202305231506/tools/bin/../lib/gcc/arm-none-eabi/11.3.1/thumb/v7-m/nofp/crtbegin.o
LOAD C:/ST/STM32CubeIDE_1.13.1/STM32CubeIDE/plugins/com.st.stm32cube.ide.mcu.externaltools.gnu-tools-for-stm32.11.3.rel1.win32_1.1.0.202305231506/tools/bin/../lib/gcc/arm-none-eabi/11.3.1/../../../../arm-none-eabi/lib/thumb/v7-m/nofp/crt0.o
LOAD ./Core/Src/blinky_led.o
LOAD ./Core/Src/button.o
LOAD ./Core/Src/display7SEG.o
LOAD ./Core/Src/fsm_main.o
LOAD ./Core/Src/global.o
LOAD ./Core/Src/led_control.o
LOAD ./Core/Src/main.o
LOAD ./Core/Src/software_timer.o
LOAD ./Core/Src/stm32f1xx_hal_msp.o
LOAD ./Core/Src/stm32f1xx_it.o
LOAD ./Core/Src/syscalls.o
LOAD ./Core/Src/sysmem.o
LOAD ./Core/Src/system_stm32f1xx.o
LOAD ./Core/Startup/startup_stm32f103c6tx.o
LOAD ./Drivers/STM32F1xx_HAL_Driver/Src/stm32f1xx_hal.o
LOAD ./Drivers/STM32F1xx_HAL_Driver/Src/stm32f1xx_hal_cortex.o
LOAD ./Drivers/STM32F1xx_HAL_Driver/Src/stm32f1xx_hal_dma.o
LOAD ./Drivers/STM32F1xx_HAL_Driver/Src/stm32f1xx_hal_exti.o
LOAD ./Drivers/STM32F1xx_HAL_Driver/Src/stm32f1xx_hal_flash.o
LOAD ./Drivers/STM32F1xx_HAL_Driver/Src/stm32f1xx_hal_flash_ex.o
LOAD ./Drivers/STM32F1xx_HAL_Driver/Src/stm32f1xx_hal_gpio.o
LOAD ./Drivers/STM32F1xx_HAL_Driver/Src/stm32f1xx_hal_gpio_ex.o
LOAD ./Drivers/STM32F1xx_HAL_Driver/Src/stm32f1xx_hal_pwr.o
LOAD ./Drivers/STM32F1xx_HAL_Driver/Src/stm32f1xx_hal_rcc.o
LOAD ./Drivers/STM32F1xx_HAL_Driver/Src/stm32f1xx_hal_rcc_ex.o
LOAD ./Drivers/STM32F1xx_HAL_Driver/Src/stm32f1xx_hal_tim.o
LOAD ./Drivers/STM32F1xx_HAL_Driver/Src/stm32f1xx_hal_tim_ex.o
START GROUP
LOAD C:/ST/STM32CubeIDE_1.13.1/STM32CubeIDE/plugins/com.st.stm32cube.ide.mcu.externaltools.gnu-tools-for-stm32.11.3.rel1.win32_1.1.0.202305231506/tools/bin/../lib/gcc/arm-none-eabi/11.3.1/../../../../arm-none-eabi/lib/thumb/v7-m/nofp\libc_nano.a
LOAD C:/ST/STM32CubeIDE_1.13.1/STM32CubeIDE/plugins/com.st.stm32cube.ide.mcu.externaltools.gnu-tools-for-stm32.11.3.rel1.win32_1.1.0.202305231506/tools/bin/../lib/gcc/arm-none-eabi/11.3.1/../../../../arm-none-eabi/lib/thumb/v7-m/nofp\libm.a
END GROUP
START GROUP
LOAD C:/ST/STM32CubeIDE_1.13.1/STM32CubeIDE/plugins/com.st.stm32cube.ide.mcu.externaltools.gnu-tools-for-stm32.11.3.rel1.win32_1.1.0.202305231506/tools/bin/../lib/gcc/arm-none-eabi/11.3.1/thumb/v7-m/nofp\libgcc.a
LOAD C:/ST/STM32CubeIDE_1.13.1/STM32CubeIDE/plugins/com.st.stm32cube.ide.mcu.externaltools.gnu-tools-for-stm32.11.3.rel1.win32_1.1.0.202305231506/tools/bin/../lib/gcc/arm-none-eabi/11.3.1/../../../../arm-none-eabi/lib/thumb/v7-m/nofp\libc_nano.a
END GROUP
START GROUP
LOAD C:/ST/STM32CubeIDE_1.13.1/STM32CubeIDE/plugins/com.st.stm32cube.ide.mcu.externaltools.gnu-tools-for-stm32.11.3.rel1.win32_1.1.0.202305231506/tools/bin/../lib/gcc/arm-none-eabi/11.3.1/thumb/v7-m/nofp\libgcc.a
LOAD C:/ST/STM32CubeIDE_1.13.1/STM32CubeIDE/plugins/com.st.stm32cube.ide.mcu.externaltools.gnu-tools-for-stm32.11.3.rel1.win32_1.1.0.202305231506/tools/bin/../lib/gcc/arm-none-eabi/11.3.1/../../../../arm-none-eabi/lib/thumb/v7-m/nofp\libc_nano.a
LOAD C:/ST/STM32CubeIDE_1.13.1/STM32CubeIDE/plugins/com.st.stm32cube.ide.mcu.externaltools.gnu-tools-for-stm32.11.3.rel1.win32_1.1.0.202305231506/tools/bin/../lib/gcc/arm-none-eabi/11.3.1/../../../../arm-none-eabi/lib/thumb/v7-m/nofp\libnosys.a
END GROUP
START GROUP
LOAD C:/ST/STM32CubeIDE_1.13.1/STM32CubeIDE/plugins/com.st.stm32cube.ide.mcu.externaltools.gnu-tools-for-stm32.11.3.rel1.win32_1.1.0.202305231506/tools/bin/../lib/gcc/arm-none-eabi/11.3.1/thumb/v7-m/nofp\libgcc.a
LOAD C:/ST/STM32CubeIDE_1.13.1/STM32CubeIDE/plugins/com.st.stm32cube.ide.mcu.externaltools.gnu-tools-for-stm32.11.3.rel1.win32_1.1.0.202305231506/tools/bin/../lib/gcc/arm-none-eabi/11.3.1/../../../../arm-none-eabi/lib/thumb/v7-m/nofp\libc_nano.a
LOAD C:/ST/STM32CubeIDE_1.13.1/STM32CubeIDE/plugins/com.st.stm32cube.ide.mcu.externaltools.gnu-tools-for-stm32.11.3.rel1.win32_1.1.0.202305231506/tools/bin/../lib/gcc/arm-none-eabi/11.3.1/../../../../arm-none-eabi/lib/thumb/v7-m/nofp\libnosys.a
END GROUP
LOAD C:/ST/STM32CubeIDE_1.13.1/STM32CubeIDE/plugins/com.st.stm32cube.ide.mcu.externaltools.gnu-tools-for-stm32.11.3.rel1.win32_1.1.0.202305231506/tools/bin/../lib/gcc/arm-none-eabi/11.3.1/thumb/v7-m/nofp/crtend.o
LOAD C:/ST/STM32CubeIDE_1.13.1/STM32CubeIDE/plugins/com.st.stm32cube.ide.mcu.externaltools.gnu-tools-for-stm32.11.3.rel1.win32_1.1.0.202305231506/tools/bin/../lib/gcc/arm-none-eabi/11.3.1/thumb/v7-m/nofp/crtn.o
                0x0000000020002800                _estack = (ORIGIN (RAM) + LENGTH (RAM))
                0x0000000000000200                _Min_Heap_Size = 0x200
                0x0000000000000400                _Min_Stack_Size = 0x400

.isr_vector     0x0000000008000000      0x10c
                0x0000000008000000                . = ALIGN (0x4)
 *(.isr_vector)
 .isr_vector    0x0000000008000000      0x10c ./Core/Startup/startup_stm32f103c6tx.o
                0x0000000008000000                g_pfnVectors
                0x000000000800010c                . = ALIGN (0x4)

.text           0x000000000800010c     0x28a8
                0x000000000800010c                . = ALIGN (0x4)
 *(.text)
 .text          0x000000000800010c       0x40 C:/ST/STM32CubeIDE_1.13.1/STM32CubeIDE/plugins/com.st.stm32cube.ide.mcu.externaltools.gnu-tools-for-stm32.11.3.rel1.win32_1.1.0.202305231506/tools/bin/../lib/gcc/arm-none-eabi/11.3.1/thumb/v7-m/nofp/crtbegin.o
 *(.text*)
 .text.red_led_blinky
                0x000000000800014c       0x34 ./Core/Src/blinky_led.o
                0x000000000800014c                red_led_blinky
 .text.amber_led_blinky
                0x0000000008000180       0x34 ./Core/Src/blinky_led.o
                0x0000000008000180                amber_led_blinky
 .text.green_led_blinky
                0x00000000080001b4       0x34 ./Core/Src/blinky_led.o
                0x00000000080001b4                green_led_blinky
 .text.readButton
                0x00000000080001e8       0x4c ./Core/Src/button.o
                0x00000000080001e8                readButton
 .text.isButton1Pressed
                0x0000000008000234       0x24 ./Core/Src/button.o
                0x0000000008000234                isButton1Pressed
 .text.isButton2Pressed
                0x0000000008000258       0x24 ./Core/Src/button.o
                0x0000000008000258                isButton2Pressed
 .text.isButton3Pressed
                0x000000000800027c       0x24 ./Core/Src/button.o
                0x000000000800027c                isButton3Pressed
 .text.subKeyProcess1
                0x00000000080002a0       0x18 ./Core/Src/button.o
                0x00000000080002a0                subKeyProcess1
 .text.subKeyProcess2
                0x00000000080002b8       0x18 ./Core/Src/button.o
                0x00000000080002b8                subKeyProcess2
 .text.subKeyProcess3
                0x00000000080002d0       0x18 ./Core/Src/button.o
                0x00000000080002d0                subKeyProcess3
 .text.getKeyInput
                0x00000000080002e8      0x14c ./Core/Src/button.o
                0x00000000080002e8                getKeyInput
 .text.enable7SEG
                0x0000000008000434       0x74 ./Core/Src/display7SEG.o
                0x0000000008000434                enable7SEG
 .text.display7SEG
                0x00000000080004a8       0xe8 ./Core/Src/display7SEG.o
                0x00000000080004a8                display7SEG
 .text.updateBuffer7SEG
                0x0000000008000590       0x78 ./Core/Src/display7SEG.o
                0x0000000008000590                updateBuffer7SEG
 .text.scan7SEG
                0x0000000008000608       0xb8 ./Core/Src/display7SEG.o
                0x0000000008000608                scan7SEG
 .text.count_down
                0x00000000080006c0       0x54 ./Core/Src/fsm_main.o
                0x00000000080006c0                count_down
 .text.main_fsm
                0x0000000008000714      0x500 ./Core/Src/fsm_main.o
                0x0000000008000714                main_fsm
 .text.setLedOnWay1
                0x0000000008000c14       0x5c ./Core/Src/led_control.o
                0x0000000008000c14                setLedOnWay1
 .text.setLedOnWay2
                0x0000000008000c70       0x5c ./Core/Src/led_control.o
                0x0000000008000c70                setLedOnWay2
 .text.clearAllLed
                0x0000000008000ccc       0x54 ./Core/Src/led_control.o
                0x0000000008000ccc                clearAllLed
 .text.main     0x0000000008000d20       0x68 ./Core/Src/main.o
                0x0000000008000d20                main
 .text.SystemClock_Config
                0x0000000008000d88       0x76 ./Core/Src/main.o
                0x0000000008000d88                SystemClock_Config
 *fill*         0x0000000008000dfe        0x2 
 .text.MX_TIM2_Init
                0x0000000008000e00       0x98 ./Core/Src/main.o
 .text.MX_TIM3_Init
                0x0000000008000e98       0x9c ./Core/Src/main.o
 .text.MX_GPIO_Init
                0x0000000008000f34       0xc4 ./Core/Src/main.o
 .text.HAL_TIM_PeriodElapsedCallback
                0x0000000008000ff8       0x18 ./Core/Src/main.o
                0x0000000008000ff8                HAL_TIM_PeriodElapsedCallback
 .text.Error_Handler
                0x0000000008001010        0xa ./Core/Src/main.o
                0x0000000008001010                Error_Handler
 *fill*         0x000000000800101a        0x2 
 .text.setTimer1
                0x000000000800101c       0x3c ./Core/Src/software_timer.o
                0x000000000800101c                setTimer1
 .text.setTimer2
                0x0000000008001058       0x3c ./Core/Src/software_timer.o
                0x0000000008001058                setTimer2
 .text.setTimer4
                0x0000000008001094       0x3c ./Core/Src/software_timer.o
                0x0000000008001094                setTimer4
 .text.setTimer5
                0x00000000080010d0       0x3c ./Core/Src/software_timer.o
                0x00000000080010d0                setTimer5
 .text.timerRun
                0x000000000800110c       0xd4 ./Core/Src/software_timer.o
                0x000000000800110c                timerRun
 .text.HAL_MspInit
                0x00000000080011e0       0x44 ./Core/Src/stm32f1xx_hal_msp.o
                0x00000000080011e0                HAL_MspInit
 .text.HAL_TIM_Base_MspInit
                0x0000000008001224       0x70 ./Core/Src/stm32f1xx_hal_msp.o
                0x0000000008001224                HAL_TIM_Base_MspInit
 .text.NMI_Handler
                0x0000000008001294        0x6 ./Core/Src/stm32f1xx_it.o
                0x0000000008001294                NMI_Handler
 .text.HardFault_Handler
                0x000000000800129a        0x6 ./Core/Src/stm32f1xx_it.o
                0x000000000800129a                HardFault_Handler
 .text.MemManage_Handler
                0x00000000080012a0        0x6 ./Core/Src/stm32f1xx_it.o
                0x00000000080012a0                MemManage_Handler
 .text.BusFault_Handler
                0x00000000080012a6        0x6 ./Core/Src/stm32f1xx_it.o
                0x00000000080012a6                BusFault_Handler
 .text.UsageFault_Handler
                0x00000000080012ac        0x6 ./Core/Src/stm32f1xx_it.o
                0x00000000080012ac                UsageFault_Handler
 .text.SVC_Handler
                0x00000000080012b2        0xc ./Core/Src/stm32f1xx_it.o
                0x00000000080012b2                SVC_Handler
 .text.DebugMon_Handler
                0x00000000080012be        0xc ./Core/Src/stm32f1xx_it.o
                0x00000000080012be                DebugMon_Handler
 .text.PendSV_Handler
                0x00000000080012ca        0xc ./Core/Src/stm32f1xx_it.o
                0x00000000080012ca                PendSV_Handler
 .text.SysTick_Handler
                0x00000000080012d6        0xc ./Core/Src/stm32f1xx_it.o
                0x00000000080012d6                SysTick_Handler
 *fill*         0x00000000080012e2        0x2 
 .text.TIM2_IRQHandler
                0x00000000080012e4       0x14 ./Core/Src/stm32f1xx_it.o
                0x00000000080012e4                TIM2_IRQHandler
 .text.SystemInit
                0x00000000080012f8        0xc ./Core/Src/system_stm32f1xx.o
                0x00000000080012f8                SystemInit
 .text.Reset_Handler
                0x0000000008001304       0x48 ./Core/Startup/startup_stm32f103c6tx.o
                0x0000000008001304                Reset_Handler
 .text.Default_Handler
                0x000000000800134c        0x2 ./Core/Startup/startup_stm32f103c6tx.o
                0x000000000800134c                RTC_Alarm_IRQHandler
                0x000000000800134c                EXTI2_IRQHandler
                0x000000000800134c                TIM1_CC_IRQHandler
                0x000000000800134c                PVD_IRQHandler
                0x000000000800134c                EXTI3_IRQHandler
                0x000000000800134c                EXTI0_IRQHandler
                0x000000000800134c                ADC1_2_IRQHandler
                0x000000000800134c                SPI1_IRQHandler
                0x000000000800134c                TAMPER_IRQHandler
                0x000000000800134c                DMA1_Channel4_IRQHandler
                0x000000000800134c                RTC_IRQHandler
                0x000000000800134c                DMA1_Channel7_IRQHandler
                0x000000000800134c                CAN1_RX1_IRQHandler
                0x000000000800134c                I2C1_EV_IRQHandler
                0x000000000800134c                DMA1_Channel6_IRQHandler
                0x000000000800134c                TIM3_IRQHandler
                0x000000000800134c                RCC_IRQHandler
                0x000000000800134c                TIM1_TRG_COM_IRQHandler
                0x000000000800134c                DMA1_Channel1_IRQHandler
                0x000000000800134c                Default_Handler
                0x000000000800134c                EXTI15_10_IRQHandler
                0x000000000800134c                EXTI9_5_IRQHandler
                0x000000000800134c                DMA1_Channel5_IRQHandler
                0x000000000800134c                EXTI4_IRQHandler
                0x000000000800134c                USB_LP_CAN1_RX0_IRQHandler
                0x000000000800134c                USB_HP_CAN1_TX_IRQHandler
                0x000000000800134c                DMA1_Channel3_IRQHandler
                0x000000000800134c                TIM1_UP_IRQHandler
                0x000000000800134c                WWDG_IRQHandler
                0x000000000800134c                TIM1_BRK_IRQHandler
                0x000000000800134c                EXTI1_IRQHandler
                0x000000000800134c                USART2_IRQHandler
                0x000000000800134c                DMA1_Channel2_IRQHandler
                0x000000000800134c                CAN1_SCE_IRQHandler
                0x000000000800134c                FLASH_IRQHandler
                0x000000000800134c                USART1_IRQHandler
                0x000000000800134c                I2C1_ER_IRQHandler
                0x000000000800134c                USBWakeUp_IRQHandler
 *fill*         0x000000000800134e        0x2 
 .text.HAL_Init
                0x0000000008001350       0x2c ./Drivers/STM32F1xx_HAL_Driver/Src/stm32f1xx_hal.o
                0x0000000008001350                HAL_Init
 .text.HAL_InitTick
                0x000000000800137c       0x60 ./Drivers/STM32F1xx_HAL_Driver/Src/stm32f1xx_hal.o
                0x000000000800137c                HAL_InitTick
 .text.HAL_IncTick
                0x00000000080013dc       0x24 ./Drivers/STM32F1xx_HAL_Driver/Src/stm32f1xx_hal.o
                0x00000000080013dc                HAL_IncTick
 .text.HAL_GetTick
                0x0000000008001400       0x14 ./Drivers/STM32F1xx_HAL_Driver/Src/stm32f1xx_hal.o
                0x0000000008001400                HAL_GetTick
 .text.__NVIC_SetPriorityGrouping
                0x0000000008001414       0x48 ./Drivers/STM32F1xx_HAL_Driver/Src/stm32f1xx_hal_cortex.o
 .text.__NVIC_GetPriorityGrouping
                0x000000000800145c       0x1c ./Drivers/STM32F1xx_HAL_Driver/Src/stm32f1xx_hal_cortex.o
 .text.__NVIC_EnableIRQ
                0x0000000008001478       0x38 ./Drivers/STM32F1xx_HAL_Driver/Src/stm32f1xx_hal_cortex.o
 .text.__NVIC_SetPriority
                0x00000000080014b0       0x54 ./Drivers/STM32F1xx_HAL_Driver/Src/stm32f1xx_hal_cortex.o
 .text.NVIC_EncodePriority
                0x0000000008001504       0x64 ./Drivers/STM32F1xx_HAL_Driver/Src/stm32f1xx_hal_cortex.o
 .text.SysTick_Config
                0x0000000008001568       0x44 ./Drivers/STM32F1xx_HAL_Driver/Src/stm32f1xx_hal_cortex.o
 .text.HAL_NVIC_SetPriorityGrouping
                0x00000000080015ac       0x16 ./Drivers/STM32F1xx_HAL_Driver/Src/stm32f1xx_hal_cortex.o
                0x00000000080015ac                HAL_NVIC_SetPriorityGrouping
 .text.HAL_NVIC_SetPriority
                0x00000000080015c2       0x38 ./Drivers/STM32F1xx_HAL_Driver/Src/stm32f1xx_hal_cortex.o
                0x00000000080015c2                HAL_NVIC_SetPriority
 .text.HAL_NVIC_EnableIRQ
                0x00000000080015fa       0x1c ./Drivers/STM32F1xx_HAL_Driver/Src/stm32f1xx_hal_cortex.o
                0x00000000080015fa                HAL_NVIC_EnableIRQ
 .text.HAL_SYSTICK_Config
                0x0000000008001616       0x18 ./Drivers/STM32F1xx_HAL_Driver/Src/stm32f1xx_hal_cortex.o
                0x0000000008001616                HAL_SYSTICK_Config
 *fill*         0x000000000800162e        0x2 
 .text.HAL_GPIO_Init
                0x0000000008001630      0x2f8 ./Drivers/STM32F1xx_HAL_Driver/Src/stm32f1xx_hal_gpio.o
                0x0000000008001630                HAL_GPIO_Init
 .text.HAL_GPIO_ReadPin
                0x0000000008001928       0x2e ./Drivers/STM32F1xx_HAL_Driver/Src/stm32f1xx_hal_gpio.o
                0x0000000008001928                HAL_GPIO_ReadPin
 .text.HAL_GPIO_WritePin
                0x0000000008001956       0x30 ./Drivers/STM32F1xx_HAL_Driver/Src/stm32f1xx_hal_gpio.o
                0x0000000008001956                HAL_GPIO_WritePin
 .text.HAL_GPIO_TogglePin
                0x0000000008001986       0x32 ./Drivers/STM32F1xx_HAL_Driver/Src/stm32f1xx_hal_gpio.o
                0x0000000008001986                HAL_GPIO_TogglePin
 .text.HAL_RCC_OscConfig
                0x00000000080019b8      0x504 ./Drivers/STM32F1xx_HAL_Driver/Src/stm32f1xx_hal_rcc.o
                0x00000000080019b8                HAL_RCC_OscConfig
 .text.HAL_RCC_ClockConfig
                0x0000000008001ebc      0x1d4 ./Drivers/STM32F1xx_HAL_Driver/Src/stm32f1xx_hal_rcc.o
                0x0000000008001ebc                HAL_RCC_ClockConfig
 .text.HAL_RCC_GetSysClockFreq
                0x0000000008002090       0xa8 ./Drivers/STM32F1xx_HAL_Driver/Src/stm32f1xx_hal_rcc.o
                0x0000000008002090                HAL_RCC_GetSysClockFreq
 .text.RCC_Delay
                0x0000000008002138       0x3c ./Drivers/STM32F1xx_HAL_Driver/Src/stm32f1xx_hal_rcc.o
 .text.HAL_TIM_Base_Init
                0x0000000008002174       0x9e ./Drivers/STM32F1xx_HAL_Driver/Src/stm32f1xx_hal_tim.o
                0x0000000008002174                HAL_TIM_Base_Init
 *fill*         0x0000000008002212        0x2 
 .text.HAL_TIM_Base_Start_IT
                0x0000000008002214       0x98 ./Drivers/STM32F1xx_HAL_Driver/Src/stm32f1xx_hal_tim.o
                0x0000000008002214                HAL_TIM_Base_Start_IT
 .text.HAL_TIM_IRQHandler
                0x00000000080022ac      0x210 ./Drivers/STM32F1xx_HAL_Driver/Src/stm32f1xx_hal_tim.o
                0x00000000080022ac                HAL_TIM_IRQHandler
 .text.HAL_TIM_ConfigClockSource
                0x00000000080024bc      0x18e ./Drivers/STM32F1xx_HAL_Driver/Src/stm32f1xx_hal_tim.o
                0x00000000080024bc                HAL_TIM_ConfigClockSource
 .text.HAL_TIM_OC_DelayElapsedCallback
                0x000000000800264a       0x12 ./Drivers/STM32F1xx_HAL_Driver/Src/stm32f1xx_hal_tim.o
                0x000000000800264a                HAL_TIM_OC_DelayElapsedCallback
 .text.HAL_TIM_IC_CaptureCallback
                0x000000000800265c       0x12 ./Drivers/STM32F1xx_HAL_Driver/Src/stm32f1xx_hal_tim.o
                0x000000000800265c                HAL_TIM_IC_CaptureCallback
 .text.HAL_TIM_PWM_PulseFinishedCallback
                0x000000000800266e       0x12 ./Drivers/STM32F1xx_HAL_Driver/Src/stm32f1xx_hal_tim.o
                0x000000000800266e                HAL_TIM_PWM_PulseFinishedCallback
 .text.HAL_TIM_TriggerCallback
                0x0000000008002680       0x12 ./Drivers/STM32F1xx_HAL_Driver/Src/stm32f1xx_hal_tim.o
                0x0000000008002680                HAL_TIM_TriggerCallback
 *fill*         0x0000000008002692        0x2 
 .text.TIM_Base_SetConfig
                0x0000000008002694       0xb0 ./Drivers/STM32F1xx_HAL_Driver/Src/stm32f1xx_hal_tim.o
                0x0000000008002694                TIM_Base_SetConfig
 .text.TIM_TI1_ConfigInputStage
                0x0000000008002744       0x5c ./Drivers/STM32F1xx_HAL_Driver/Src/stm32f1xx_hal_tim.o
 .text.TIM_TI2_ConfigInputStage
                0x00000000080027a0       0x5e ./Drivers/STM32F1xx_HAL_Driver/Src/stm32f1xx_hal_tim.o
 .text.TIM_ITRx_SetConfig
                0x00000000080027fe       0x34 ./Drivers/STM32F1xx_HAL_Driver/Src/stm32f1xx_hal_tim.o
 .text.TIM_ETR_SetConfig
                0x0000000008002832       0x3e ./Drivers/STM32F1xx_HAL_Driver/Src/stm32f1xx_hal_tim.o
                0x0000000008002832                TIM_ETR_SetConfig
 .text.HAL_TIMEx_MasterConfigSynchronization
                0x0000000008002870       0xb0 ./Drivers/STM32F1xx_HAL_Driver/Src/stm32f1xx_hal_tim_ex.o
                0x0000000008002870                HAL_TIMEx_MasterConfigSynchronization
 .text.HAL_TIMEx_CommutCallback
                0x0000000008002920       0x12 ./Drivers/STM32F1xx_HAL_Driver/Src/stm32f1xx_hal_tim_ex.o
                0x0000000008002920                HAL_TIMEx_CommutCallback
 .text.HAL_TIMEx_BreakCallback
                0x0000000008002932       0x12 ./Drivers/STM32F1xx_HAL_Driver/Src/stm32f1xx_hal_tim_ex.o
                0x0000000008002932                HAL_TIMEx_BreakCallback
 .text.memset   0x0000000008002944       0x10 C:/ST/STM32CubeIDE_1.13.1/STM32CubeIDE/plugins/com.st.stm32cube.ide.mcu.externaltools.gnu-tools-for-stm32.11.3.rel1.win32_1.1.0.202305231506/tools/bin/../lib/gcc/arm-none-eabi/11.3.1/../../../../arm-none-eabi/lib/thumb/v7-m/nofp\libc_nano.a(libc_a-memset.o)
                0x0000000008002944                memset
 .text.__libc_init_array
                0x0000000008002954       0x48 C:/ST/STM32CubeIDE_1.13.1/STM32CubeIDE/plugins/com.st.stm32cube.ide.mcu.externaltools.gnu-tools-for-stm32.11.3.rel1.win32_1.1.0.202305231506/tools/bin/../lib/gcc/arm-none-eabi/11.3.1/../../../../arm-none-eabi/lib/thumb/v7-m/nofp\libc_nano.a(libc_a-init.o)
                0x0000000008002954                __libc_init_array
 *(.glue_7)
 .glue_7        0x000000000800299c        0x0 linker stubs
 *(.glue_7t)
 .glue_7t       0x000000000800299c        0x0 linker stubs
 *(.eh_frame)
 .eh_frame      0x000000000800299c        0x0 C:/ST/STM32CubeIDE_1.13.1/STM32CubeIDE/plugins/com.st.stm32cube.ide.mcu.externaltools.gnu-tools-for-stm32.11.3.rel1.win32_1.1.0.202305231506/tools/bin/../lib/gcc/arm-none-eabi/11.3.1/thumb/v7-m/nofp/crtbegin.o
 *(.init)
 .init          0x000000000800299c        0x4 C:/ST/STM32CubeIDE_1.13.1/STM32CubeIDE/plugins/com.st.stm32cube.ide.mcu.externaltools.gnu-tools-for-stm32.11.3.rel1.win32_1.1.0.202305231506/tools/bin/../lib/gcc/arm-none-eabi/11.3.1/thumb/v7-m/nofp/crti.o
                0x000000000800299c                _init
 .init          0x00000000080029a0        0x8 C:/ST/STM32CubeIDE_1.13.1/STM32CubeIDE/plugins/com.st.stm32cube.ide.mcu.externaltools.gnu-tools-for-stm32.11.3.rel1.win32_1.1.0.202305231506/tools/bin/../lib/gcc/arm-none-eabi/11.3.1/thumb/v7-m/nofp/crtn.o
 *(.fini)
 .fini          0x00000000080029a8        0x4 C:/ST/STM32CubeIDE_1.13.1/STM32CubeIDE/plugins/com.st.stm32cube.ide.mcu.externaltools.gnu-tools-for-stm32.11.3.rel1.win32_1.1.0.202305231506/tools/bin/../lib/gcc/arm-none-eabi/11.3.1/thumb/v7-m/nofp/crti.o
                0x00000000080029a8                _fini
 .fini          0x00000000080029ac        0x8 C:/ST/STM32CubeIDE_1.13.1/STM32CubeIDE/plugins/com.st.stm32cube.ide.mcu.externaltools.gnu-tools-for-stm32.11.3.rel1.win32_1.1.0.202305231506/tools/bin/../lib/gcc/arm-none-eabi/11.3.1/thumb/v7-m/nofp/crtn.o
                0x00000000080029b4                . = ALIGN (0x4)
                0x00000000080029b4                _etext = .

.vfp11_veneer   0x00000000080029b4        0x0
 .vfp11_veneer  0x00000000080029b4        0x0 linker stubs

.v4_bx          0x00000000080029b4        0x0
 .v4_bx         0x00000000080029b4        0x0 linker stubs

.iplt           0x00000000080029b4        0x0
 .iplt          0x00000000080029b4        0x0 C:/ST/STM32CubeIDE_1.13.1/STM32CubeIDE/plugins/com.st.stm32cube.ide.mcu.externaltools.gnu-tools-for-stm32.11.3.rel1.win32_1.1.0.202305231506/tools/bin/../lib/gcc/arm-none-eabi/11.3.1/thumb/v7-m/nofp/crtbegin.o

.rodata         0x00000000080029b4       0x24
                0x00000000080029b4                . = ALIGN (0x4)
 *(.rodata)
 *(.rodata*)
 .rodata.AHBPrescTable
                0x00000000080029b4       0x10 ./Core/Src/system_stm32f1xx.o
                0x00000000080029b4                AHBPrescTable
 .rodata.aPLLMULFactorTable.1
                0x00000000080029c4       0x10 ./Drivers/STM32F1xx_HAL_Driver/Src/stm32f1xx_hal_rcc.o
 .rodata.aPredivFactorTable.0
                0x00000000080029d4        0x2 ./Drivers/STM32F1xx_HAL_Driver/Src/stm32f1xx_hal_rcc.o
                0x00000000080029d8                . = ALIGN (0x4)
 *fill*         0x00000000080029d6        0x2 

.rel.dyn        0x00000000080029d8        0x0
 .rel.iplt      0x00000000080029d8        0x0 C:/ST/STM32CubeIDE_1.13.1/STM32CubeIDE/plugins/com.st.stm32cube.ide.mcu.externaltools.gnu-tools-for-stm32.11.3.rel1.win32_1.1.0.202305231506/tools/bin/../lib/gcc/arm-none-eabi/11.3.1/thumb/v7-m/nofp/crtbegin.o

.ARM.extab      0x00000000080029d8        0x0
                0x00000000080029d8                . = ALIGN (0x4)
 *(.ARM.extab* .gnu.linkonce.armextab.*)
                0x00000000080029d8                . = ALIGN (0x4)

.ARM            0x00000000080029d8        0x0
                0x00000000080029d8                . = ALIGN (0x4)
                0x00000000080029d8                __exidx_start = .
 *(.ARM.exidx*)
                0x00000000080029d8                __exidx_end = .
                0x00000000080029d8                . = ALIGN (0x4)

.preinit_array  0x00000000080029d8        0x0
                0x00000000080029d8                . = ALIGN (0x4)
                0x00000000080029d8                PROVIDE (__preinit_array_start = .)
 *(.preinit_array*)
                0x00000000080029d8                PROVIDE (__preinit_array_end = .)
                0x00000000080029d8                . = ALIGN (0x4)

.init_array     0x00000000080029d8        0x4
                0x00000000080029d8                . = ALIGN (0x4)
                0x00000000080029d8                PROVIDE (__init_array_start = .)
 *(SORT_BY_NAME(.init_array.*))
 *(.init_array*)
 .init_array    0x00000000080029d8        0x4 C:/ST/STM32CubeIDE_1.13.1/STM32CubeIDE/plugins/com.st.stm32cube.ide.mcu.externaltools.gnu-tools-for-stm32.11.3.rel1.win32_1.1.0.202305231506/tools/bin/../lib/gcc/arm-none-eabi/11.3.1/thumb/v7-m/nofp/crtbegin.o
                0x00000000080029dc                PROVIDE (__init_array_end = .)
                0x00000000080029dc                . = ALIGN (0x4)

.fini_array     0x00000000080029dc        0x4
                0x00000000080029dc                . = ALIGN (0x4)
                [!provide]                        PROVIDE (__fini_array_start = .)
 *(SORT_BY_NAME(.fini_array.*))
 *(.fini_array*)
 .fini_array    0x00000000080029dc        0x4 C:/ST/STM32CubeIDE_1.13.1/STM32CubeIDE/plugins/com.st.stm32cube.ide.mcu.externaltools.gnu-tools-for-stm32.11.3.rel1.win32_1.1.0.202305231506/tools/bin/../lib/gcc/arm-none-eabi/11.3.1/thumb/v7-m/nofp/crtbegin.o
                [!provide]                        PROVIDE (__fini_array_end = .)
                0x00000000080029e0                . = ALIGN (0x4)
                0x00000000080029e0                _sidata = LOADADDR (.data)

.data           0x0000000020000000       0x58 load address 0x00000000080029e0
                0x0000000020000000                . = ALIGN (0x4)
                0x0000000020000000                _sdata = .
 *(.data)
 *(.data*)
 .data.led7SEG_buffer
                0x0000000020000000       0x10 ./Core/Src/display7SEG.o
                0x0000000020000000                led7SEG_buffer
 .data.AnodeNumber
                0x0000000020000010        0xb ./Core/Src/display7SEG.o
                0x0000000020000010                AnodeNumber
 *fill*         0x000000002000001b        0x1 
 .data.index_7SEG
                0x000000002000001c        0x4 ./Core/Src/global.o
                0x000000002000001c                index_7SEG
 .data.RED_OLD_TIME
                0x0000000020000020        0x4 ./Core/Src/global.o
                0x0000000020000020                RED_OLD_TIME
 .data.AMBER_OLD_TIME
                0x0000000020000024        0x4 ./Core/Src/global.o
                0x0000000020000024                AMBER_OLD_TIME
 .data.GREEN_OLD_TIME
                0x0000000020000028        0x4 ./Core/Src/global.o
                0x0000000020000028                GREEN_OLD_TIME
 .data.RED_TIME
                0x000000002000002c        0x4 ./Core/Src/global.o
                0x000000002000002c                RED_TIME
 .data.AMBER_TIME
                0x0000000020000030        0x4 ./Core/Src/global.o
                0x0000000020000030                AMBER_TIME
 .data.GREEN_TIME
                0x0000000020000034        0x4 ./Core/Src/global.o
                0x0000000020000034                GREEN_TIME
 .data.status   0x0000000020000038        0x4 ./Core/Src/global.o
                0x0000000020000038                status
 .data.counter1
                0x000000002000003c        0x4 ./Core/Src/global.o
                0x000000002000003c                counter1
 .data.counter2
                0x0000000020000040        0x4 ./Core/Src/global.o
                0x0000000020000040                counter2
 .data.frequency
                0x0000000020000044        0x4 ./Core/Src/global.o
                0x0000000020000044                frequency
 .data.TIME_DURATION
                0x0000000020000048        0x4 ./Core/Src/global.o
                0x0000000020000048                TIME_DURATION
 .data.SystemCoreClock
                0x000000002000004c        0x4 ./Core/Src/system_stm32f1xx.o
                0x000000002000004c                SystemCoreClock
 .data.uwTickPrio
                0x0000000020000050        0x4 ./Drivers/STM32F1xx_HAL_Driver/Src/stm32f1xx_hal.o
                0x0000000020000050                uwTickPrio
 .data.uwTickFreq
                0x0000000020000054        0x1 ./Drivers/STM32F1xx_HAL_Driver/Src/stm32f1xx_hal.o
                0x0000000020000054                uwTickFreq
 *(.RamFunc)
 *(.RamFunc*)
                0x0000000020000058                . = ALIGN (0x4)
 *fill*         0x0000000020000055        0x3 
                0x0000000020000058                _edata = .

.igot.plt       0x0000000020000058        0x0 load address 0x0000000008002a38
 .igot.plt      0x0000000020000058        0x0 C:/ST/STM32CubeIDE_1.13.1/STM32CubeIDE/plugins/com.st.stm32cube.ide.mcu.externaltools.gnu-tools-for-stm32.11.3.rel1.win32_1.1.0.202305231506/tools/bin/../lib/gcc/arm-none-eabi/11.3.1/thumb/v7-m/nofp/crtbegin.o
                0x0000000020000058                . = ALIGN (0x4)

.bss            0x0000000020000058      0x10c load address 0x0000000008002a38
                0x0000000020000058                _sbss = .
                0x0000000020000058                __bss_start__ = _sbss
 *(.bss)
 .bss           0x0000000020000058       0x1c C:/ST/STM32CubeIDE_1.13.1/STM32CubeIDE/plugins/com.st.stm32cube.ide.mcu.externaltools.gnu-tools-for-stm32.11.3.rel1.win32_1.1.0.202305231506/tools/bin/../lib/gcc/arm-none-eabi/11.3.1/thumb/v7-m/nofp/crtbegin.o
 *(.bss*)
 .bss.buttonBuffer
                0x0000000020000074        0x3 ./Core/Src/button.o
 *fill*         0x0000000020000077        0x1 
 .bss.debounceButtonBuffer1
                0x0000000020000078        0x3 ./Core/Src/button.o
 *fill*         0x000000002000007b        0x1 
 .bss.debounceButtonBuffer2
                0x000000002000007c        0x3 ./Core/Src/button.o
 *fill*         0x000000002000007f        0x1 
 .bss.debounceButtonBuffer3
                0x0000000020000080        0x3 ./Core/Src/button.o
 *fill*         0x0000000020000083        0x1 
 .bss.flagForButtonPressed1s
                0x0000000020000084        0x3 ./Core/Src/button.o
 *fill*         0x0000000020000087        0x1 
 .bss.counterForButtonPressed1s
                0x0000000020000088        0x6 ./Core/Src/button.o
 *fill*         0x000000002000008e        0x2 
 .bss.button1_flag
                0x0000000020000090        0x4 ./Core/Src/button.o
                0x0000000020000090                button1_flag
 .bss.button2_flag
                0x0000000020000094        0x4 ./Core/Src/button.o
                0x0000000020000094                button2_flag
 .bss.button3_flag
                0x0000000020000098        0x4 ./Core/Src/button.o
                0x0000000020000098                button3_flag
 .bss.flag_red_change
                0x000000002000009c        0x4 ./Core/Src/global.o
                0x000000002000009c                flag_red_change
 .bss.flag_yellow_change
                0x00000000200000a0        0x4 ./Core/Src/global.o
                0x00000000200000a0                flag_yellow_change
 .bss.flag_green_change
                0x00000000200000a4        0x4 ./Core/Src/global.o
                0x00000000200000a4                flag_green_change
 .bss.htim2     0x00000000200000a8       0x48 ./Core/Src/main.o
                0x00000000200000a8                htim2
 .bss.htim3     0x00000000200000f0       0x48 ./Core/Src/main.o
                0x00000000200000f0                htim3
 .bss.timer1_counter
                0x0000000020000138        0x4 ./Core/Src/software_timer.o
                0x0000000020000138                timer1_counter
 .bss.timer1_flag
                0x000000002000013c        0x4 ./Core/Src/software_timer.o
                0x000000002000013c                timer1_flag
 .bss.timer2_counter
                0x0000000020000140        0x4 ./Core/Src/software_timer.o
                0x0000000020000140                timer2_counter
 .bss.timer2_flag
                0x0000000020000144        0x4 ./Core/Src/software_timer.o
                0x0000000020000144                timer2_flag
 .bss.timer3_counter
                0x0000000020000148        0x4 ./Core/Src/software_timer.o
                0x0000000020000148                timer3_counter
 .bss.timer3_flag
                0x000000002000014c        0x4 ./Core/Src/software_timer.o
                0x000000002000014c                timer3_flag
 .bss.timer4_counter
                0x0000000020000150        0x4 ./Core/Src/software_timer.o
                0x0000000020000150                timer4_counter
 .bss.timer4_flag
                0x0000000020000154        0x4 ./Core/Src/software_timer.o
                0x0000000020000154                timer4_flag
 .bss.timer5_counter
                0x0000000020000158        0x4 ./Core/Src/software_timer.o
                0x0000000020000158                timer5_counter
 .bss.timer5_flag
                0x000000002000015c        0x4 ./Core/Src/software_timer.o
                0x000000002000015c                timer5_flag
 .bss.uwTick    0x0000000020000160        0x4 ./Drivers/STM32F1xx_HAL_Driver/Src/stm32f1xx_hal.o
                0x0000000020000160                uwTick
 *(COMMON)
                0x0000000020000164                . = ALIGN (0x4)
                0x0000000020000164                _ebss = .
                0x0000000020000164                __bss_end__ = _ebss

._user_heap_stack
                0x0000000020000164      0x604 load address 0x0000000008002a38
                0x0000000020000168                . = ALIGN (0x8)
 *fill*         0x0000000020000164        0x4 
                [!provide]                        PROVIDE (end = .)
                0x0000000020000168                PROVIDE (_end = .)
                0x0000000020000368                . = (. + _Min_Heap_Size)
 *fill*         0x0000000020000168      0x200 
                0x0000000020000768                . = (. + _Min_Stack_Size)
 *fill*         0x0000000020000368      0x400 
                0x0000000020000768                . = ALIGN (0x8)

/DISCARD/
 libc.a(*)
 libm.a(*)
 libgcc.a(*)

.ARM.attributes
                0x0000000000000000       0x29
 *(.ARM.attributes)
 .ARM.attributes
                0x0000000000000000       0x1d C:/ST/STM32CubeIDE_1.13.1/STM32CubeIDE/plugins/com.st.stm32cube.ide.mcu.externaltools.gnu-tools-for-stm32.11.3.rel1.win32_1.1.0.202305231506/tools/bin/../lib/gcc/arm-none-eabi/11.3.1/thumb/v7-m/nofp/crti.o
 .ARM.attributes
                0x000000000000001d       0x2d C:/ST/STM32CubeIDE_1.13.1/STM32CubeIDE/plugins/com.st.stm32cube.ide.mcu.externaltools.gnu-tools-for-stm32.11.3.rel1.win32_1.1.0.202305231506/tools/bin/../lib/gcc/arm-none-eabi/11.3.1/thumb/v7-m/nofp/crtbegin.o
 .ARM.attributes
                0x000000000000004a       0x2d ./Core/Src/blinky_led.o
 .ARM.attributes
                0x0000000000000077       0x2d ./Core/Src/button.o
 .ARM.attributes
                0x00000000000000a4       0x2d ./Core/Src/display7SEG.o
 .ARM.attributes
                0x00000000000000d1       0x2d ./Core/Src/fsm_main.o
 .ARM.attributes
                0x00000000000000fe       0x2d ./Core/Src/global.o
 .ARM.attributes
                0x000000000000012b       0x2d ./Core/Src/led_control.o
 .ARM.attributes
                0x0000000000000158       0x2d ./Core/Src/main.o
 .ARM.attributes
                0x0000000000000185       0x2d ./Core/Src/software_timer.o
 .ARM.attributes
                0x00000000000001b2       0x2d ./Core/Src/stm32f1xx_hal_msp.o
 .ARM.attributes
                0x00000000000001df       0x2d ./Core/Src/stm32f1xx_it.o
 .ARM.attributes
                0x000000000000020c       0x2d ./Core/Src/system_stm32f1xx.o
 .ARM.attributes
                0x0000000000000239       0x21 ./Core/Startup/startup_stm32f103c6tx.o
 .ARM.attributes
                0x000000000000025a       0x2d ./Drivers/STM32F1xx_HAL_Driver/Src/stm32f1xx_hal.o
 .ARM.attributes
                0x0000000000000287       0x2d ./Drivers/STM32F1xx_HAL_Driver/Src/stm32f1xx_hal_cortex.o
 .ARM.attributes
                0x00000000000002b4       0x2d ./Drivers/STM32F1xx_HAL_Driver/Src/stm32f1xx_hal_gpio.o
 .ARM.attributes
                0x00000000000002e1       0x2d ./Drivers/STM32F1xx_HAL_Driver/Src/stm32f1xx_hal_rcc.o
 .ARM.attributes
                0x000000000000030e       0x2d ./Drivers/STM32F1xx_HAL_Driver/Src/stm32f1xx_hal_tim.o
 .ARM.attributes
                0x000000000000033b       0x2d ./Drivers/STM32F1xx_HAL_Driver/Src/stm32f1xx_hal_tim_ex.o
 .ARM.attributes
                0x0000000000000368       0x2d C:/ST/STM32CubeIDE_1.13.1/STM32CubeIDE/plugins/com.st.stm32cube.ide.mcu.externaltools.gnu-tools-for-stm32.11.3.rel1.win32_1.1.0.202305231506/tools/bin/../lib/gcc/arm-none-eabi/11.3.1/../../../../arm-none-eabi/lib/thumb/v7-m/nofp\libc_nano.a(libc_a-memset.o)
 .ARM.attributes
                0x0000000000000395       0x2d C:/ST/STM32CubeIDE_1.13.1/STM32CubeIDE/plugins/com.st.stm32cube.ide.mcu.externaltools.gnu-tools-for-stm32.11.3.rel1.win32_1.1.0.202305231506/tools/bin/../lib/gcc/arm-none-eabi/11.3.1/../../../../arm-none-eabi/lib/thumb/v7-m/nofp\libc_nano.a(libc_a-init.o)
 .ARM.attributes
                0x00000000000003c2       0x1d C:/ST/STM32CubeIDE_1.13.1/STM32CubeIDE/plugins/com.st.stm32cube.ide.mcu.externaltools.gnu-tools-for-stm32.11.3.rel1.win32_1.1.0.202305231506/tools/bin/../lib/gcc/arm-none-eabi/11.3.1/thumb/v7-m/nofp/crtn.o
OUTPUT(Lab3_Excercise.elf elf32-littlearm)
LOAD linker stubs
LOAD C:/ST/STM32CubeIDE_1.13.1/STM32CubeIDE/plugins/com.st.stm32cube.ide.mcu.externaltools.gnu-tools-for-stm32.11.3.rel1.win32_1.1.0.202305231506/tools/bin/../lib/gcc/arm-none-eabi/11.3.1/../../../../arm-none-eabi/lib/thumb/v7-m/nofp\libc.a
LOAD C:/ST/STM32CubeIDE_1.13.1/STM32CubeIDE/plugins/com.st.stm32cube.ide.mcu.externaltools.gnu-tools-for-stm32.11.3.rel1.win32_1.1.0.202305231506/tools/bin/../lib/gcc/arm-none-eabi/11.3.1/../../../../arm-none-eabi/lib/thumb/v7-m/nofp\libm.a
LOAD C:/ST/STM32CubeIDE_1.13.1/STM32CubeIDE/plugins/com.st.stm32cube.ide.mcu.externaltools.gnu-tools-for-stm32.11.3.rel1.win32_1.1.0.202305231506/tools/bin/../lib/gcc/arm-none-eabi/11.3.1/thumb/v7-m/nofp\libgcc.a

.comment        0x0000000000000000       0x43
 .comment       0x0000000000000000       0x43 C:/ST/STM32CubeIDE_1.13.1/STM32CubeIDE/plugins/com.st.stm32cube.ide.mcu.externaltools.gnu-tools-for-stm32.11.3.rel1.win32_1.1.0.202305231506/tools/bin/../lib/gcc/arm-none-eabi/11.3.1/thumb/v7-m/nofp/crtbegin.o
                                         0x44 (size before relaxing)
 .comment       0x0000000000000043       0x44 ./Core/Src/blinky_led.o
 .comment       0x0000000000000043       0x44 ./Core/Src/button.o
 .comment       0x0000000000000043       0x44 ./Core/Src/display7SEG.o
 .comment       0x0000000000000043       0x44 ./Core/Src/fsm_main.o
 .comment       0x0000000000000043       0x44 ./Core/Src/global.o
 .comment       0x0000000000000043       0x44 ./Core/Src/led_control.o
 .comment       0x0000000000000043       0x44 ./Core/Src/main.o
 .comment       0x0000000000000043       0x44 ./Core/Src/software_timer.o
 .comment       0x0000000000000043       0x44 ./Core/Src/stm32f1xx_hal_msp.o
 .comment       0x0000000000000043       0x44 ./Core/Src/stm32f1xx_it.o
 .comment       0x0000000000000043       0x44 ./Core/Src/system_stm32f1xx.o
 .comment       0x0000000000000043       0x44 ./Drivers/STM32F1xx_HAL_Driver/Src/stm32f1xx_hal.o
 .comment       0x0000000000000043       0x44 ./Drivers/STM32F1xx_HAL_Driver/Src/stm32f1xx_hal_cortex.o
 .comment       0x0000000000000043       0x44 ./Drivers/STM32F1xx_HAL_Driver/Src/stm32f1xx_hal_gpio.o
 .comment       0x0000000000000043       0x44 ./Drivers/STM32F1xx_HAL_Driver/Src/stm32f1xx_hal_rcc.o
 .comment       0x0000000000000043       0x44 ./Drivers/STM32F1xx_HAL_Driver/Src/stm32f1xx_hal_tim.o
 .comment       0x0000000000000043       0x44 ./Drivers/STM32F1xx_HAL_Driver/Src/stm32f1xx_hal_tim_ex.o

.debug_info     0x0000000000000000     0x8935
 .debug_info    0x0000000000000000      0x182 ./Core/Src/blinky_led.o
 .debug_info    0x0000000000000182      0x30e ./Core/Src/button.o
 .debug_info    0x0000000000000490      0x2b8 ./Core/Src/display7SEG.o
 .debug_info    0x0000000000000748      0x2cb ./Core/Src/fsm_main.o
 .debug_info    0x0000000000000a13      0x17b ./Core/Src/global.o
 .debug_info    0x0000000000000b8e      0x1cd ./Core/Src/led_control.o
 .debug_info    0x0000000000000d5b      0xbe6 ./Core/Src/main.o
 .debug_info    0x0000000000001941      0x1c1 ./Core/Src/software_timer.o
 .debug_info    0x0000000000001b02      0x8a8 ./Core/Src/stm32f1xx_hal_msp.o
 .debug_info    0x00000000000023aa      0x6a1 ./Core/Src/stm32f1xx_it.o
 .debug_info    0x0000000000002a4b      0x222 ./Core/Src/system_stm32f1xx.o
 .debug_info    0x0000000000002c6d       0x23 ./Core/Startup/startup_stm32f103c6tx.o
 .debug_info    0x0000000000002c90      0x6e6 ./Drivers/STM32F1xx_HAL_Driver/Src/stm32f1xx_hal.o
 .debug_info    0x0000000000003376      0xa69 ./Drivers/STM32F1xx_HAL_Driver/Src/stm32f1xx_hal_cortex.o
 .debug_info    0x0000000000003ddf      0x5ab ./Drivers/STM32F1xx_HAL_Driver/Src/stm32f1xx_hal_gpio.o
 .debug_info    0x000000000000438a      0x7d5 ./Drivers/STM32F1xx_HAL_Driver/Src/stm32f1xx_hal_rcc.o
 .debug_info    0x0000000000004b5f     0x293b ./Drivers/STM32F1xx_HAL_Driver/Src/stm32f1xx_hal_tim.o
 .debug_info    0x000000000000749a     0x149b ./Drivers/STM32F1xx_HAL_Driver/Src/stm32f1xx_hal_tim_ex.o

.debug_abbrev   0x0000000000000000     0x1d3b
 .debug_abbrev  0x0000000000000000       0xd8 ./Core/Src/blinky_led.o
 .debug_abbrev  0x00000000000000d8      0x1a7 ./Core/Src/button.o
 .debug_abbrev  0x000000000000027f      0x1a9 ./Core/Src/display7SEG.o
 .debug_abbrev  0x0000000000000428      0x109 ./Core/Src/fsm_main.o
 .debug_abbrev  0x0000000000000531       0x4e ./Core/Src/global.o
 .debug_abbrev  0x000000000000057f      0x131 ./Core/Src/led_control.o
 .debug_abbrev  0x00000000000006b0      0x2c7 ./Core/Src/main.o
 .debug_abbrev  0x0000000000000977       0xc6 ./Core/Src/software_timer.o
 .debug_abbrev  0x0000000000000a3d      0x1ad ./Core/Src/stm32f1xx_hal_msp.o
 .debug_abbrev  0x0000000000000bea      0x191 ./Core/Src/stm32f1xx_it.o
 .debug_abbrev  0x0000000000000d7b      0x13f ./Core/Src/system_stm32f1xx.o
 .debug_abbrev  0x0000000000000eba       0x12 ./Core/Startup/startup_stm32f103c6tx.o
 .debug_abbrev  0x0000000000000ecc      0x201 ./Drivers/STM32F1xx_HAL_Driver/Src/stm32f1xx_hal.o
 .debug_abbrev  0x00000000000010cd      0x2f8 ./Drivers/STM32F1xx_HAL_Driver/Src/stm32f1xx_hal_cortex.o
 .debug_abbrev  0x00000000000013c5      0x1ca ./Drivers/STM32F1xx_HAL_Driver/Src/stm32f1xx_hal_gpio.o
 .debug_abbrev  0x000000000000158f      0x2b3 ./Drivers/STM32F1xx_HAL_Driver/Src/stm32f1xx_hal_rcc.o
 .debug_abbrev  0x0000000000001842      0x277 ./Drivers/STM32F1xx_HAL_Driver/Src/stm32f1xx_hal_tim.o
 .debug_abbrev  0x0000000000001ab9      0x282 ./Drivers/STM32F1xx_HAL_Driver/Src/stm32f1xx_hal_tim_ex.o

.debug_aranges  0x0000000000000000      0xab8
 .debug_aranges
                0x0000000000000000       0x30 ./Core/Src/blinky_led.o
 .debug_aranges
                0x0000000000000030       0x58 ./Core/Src/button.o
 .debug_aranges
                0x0000000000000088       0x40 ./Core/Src/display7SEG.o
 .debug_aranges
                0x00000000000000c8       0x28 ./Core/Src/fsm_main.o
 .debug_aranges
                0x00000000000000f0       0x18 ./Core/Src/global.o
 .debug_aranges
                0x0000000000000108       0x30 ./Core/Src/led_control.o
 .debug_aranges
                0x0000000000000138       0x50 ./Core/Src/main.o
 .debug_aranges
                0x0000000000000188       0x48 ./Core/Src/software_timer.o
 .debug_aranges
                0x00000000000001d0       0x30 ./Core/Src/stm32f1xx_hal_msp.o
 .debug_aranges
                0x0000000000000200       0x68 ./Core/Src/stm32f1xx_it.o
 .debug_aranges
                0x0000000000000268       0x28 ./Core/Src/system_stm32f1xx.o
 .debug_aranges
                0x0000000000000290       0x28 ./Core/Startup/startup_stm32f103c6tx.o
 .debug_aranges
                0x00000000000002b8       0xe0 ./Drivers/STM32F1xx_HAL_Driver/Src/stm32f1xx_hal.o
 .debug_aranges
                0x0000000000000398      0x100 ./Drivers/STM32F1xx_HAL_Driver/Src/stm32f1xx_hal_cortex.o
 .debug_aranges
                0x0000000000000498       0x58 ./Drivers/STM32F1xx_HAL_Driver/Src/stm32f1xx_hal_gpio.o
 .debug_aranges
                0x00000000000004f0       0x90 ./Drivers/STM32F1xx_HAL_Driver/Src/stm32f1xx_hal_rcc.o
 .debug_aranges
                0x0000000000000580      0x3d0 ./Drivers/STM32F1xx_HAL_Driver/Src/stm32f1xx_hal_tim.o
 .debug_aranges
                0x0000000000000950      0x168 ./Drivers/STM32F1xx_HAL_Driver/Src/stm32f1xx_hal_tim_ex.o

.debug_rnglists
                0x0000000000000000      0x813
 .debug_rnglists
                0x0000000000000000       0x1f ./Core/Src/blinky_led.o
 .debug_rnglists
                0x000000000000001f       0x3e ./Core/Src/button.o
 .debug_rnglists
                0x000000000000005d       0x2e ./Core/Src/display7SEG.o
 .debug_rnglists
                0x000000000000008b       0x1a ./Core/Src/fsm_main.o
 .debug_rnglists
                0x00000000000000a5       0x1f ./Core/Src/led_control.o
 .debug_rnglists
                0x00000000000000c4       0x3a ./Core/Src/main.o
 .debug_rnglists
                0x00000000000000fe       0x32 ./Core/Src/software_timer.o
 .debug_rnglists
                0x0000000000000130       0x1f ./Core/Src/stm32f1xx_hal_msp.o
 .debug_rnglists
                0x000000000000014f       0x49 ./Core/Src/stm32f1xx_it.o
 .debug_rnglists
                0x0000000000000198       0x1a ./Core/Src/system_stm32f1xx.o
 .debug_rnglists
                0x00000000000001b2       0x19 ./Core/Startup/startup_stm32f103c6tx.o
 .debug_rnglists
                0x00000000000001cb       0xa3 ./Drivers/STM32F1xx_HAL_Driver/Src/stm32f1xx_hal.o
 .debug_rnglists
                0x000000000000026e       0xbb ./Drivers/STM32F1xx_HAL_Driver/Src/stm32f1xx_hal_cortex.o
 .debug_rnglists
                0x0000000000000329       0x3f ./Drivers/STM32F1xx_HAL_Driver/Src/stm32f1xx_hal_gpio.o
 .debug_rnglists
                0x0000000000000368       0x6c ./Drivers/STM32F1xx_HAL_Driver/Src/stm32f1xx_hal_rcc.o
 .debug_rnglists
                0x00000000000003d4      0x31a ./Drivers/STM32F1xx_HAL_Driver/Src/stm32f1xx_hal_tim.o
 .debug_rnglists
                0x00000000000006ee      0x125 ./Drivers/STM32F1xx_HAL_Driver/Src/stm32f1xx_hal_tim_ex.o

.debug_macro    0x0000000000000000    0x16cc8
 .debug_macro   0x0000000000000000      0x1c3 ./Core/Src/blinky_led.o
 .debug_macro   0x00000000000001c3      0xa9c ./Core/Src/blinky_led.o
 .debug_macro   0x0000000000000c5f      0x215 ./Core/Src/blinky_led.o
 .debug_macro   0x0000000000000e74       0x2e ./Core/Src/blinky_led.o
 .debug_macro   0x0000000000000ea2       0x22 ./Core/Src/blinky_led.o
 .debug_macro   0x0000000000000ec4       0x22 ./Core/Src/blinky_led.o
 .debug_macro   0x0000000000000ee6       0x8e ./Core/Src/blinky_led.o
 .debug_macro   0x0000000000000f74       0x51 ./Core/Src/blinky_led.o
 .debug_macro   0x0000000000000fc5      0x103 ./Core/Src/blinky_led.o
 .debug_macro   0x00000000000010c8       0x6a ./Core/Src/blinky_led.o
 .debug_macro   0x0000000000001132      0x1df ./Core/Src/blinky_led.o
 .debug_macro   0x0000000000001311       0x1c ./Core/Src/blinky_led.o
 .debug_macro   0x000000000000132d       0x22 ./Core/Src/blinky_led.o
 .debug_macro   0x000000000000134f       0xbd ./Core/Src/blinky_led.o
 .debug_macro   0x000000000000140c      0xd23 ./Core/Src/blinky_led.o
 .debug_macro   0x000000000000212f     0xde75 ./Core/Src/blinky_led.o
 .debug_macro   0x000000000000ffa4       0x6d ./Core/Src/blinky_led.o
 .debug_macro   0x0000000000010011     0x348d ./Core/Src/blinky_led.o
 .debug_macro   0x000000000001349e      0x174 ./Core/Src/blinky_led.o
 .debug_macro   0x0000000000013612       0x5c ./Core/Src/blinky_led.o
 .debug_macro   0x000000000001366e      0x5bc ./Core/Src/blinky_led.o
 .debug_macro   0x0000000000013c2a      0x1b7 ./Core/Src/blinky_led.o
 .debug_macro   0x0000000000013de1      0x1cb ./Core/Src/blinky_led.o
 .debug_macro   0x0000000000013fac      0x114 ./Core/Src/blinky_led.o
 .debug_macro   0x00000000000140c0      0x1b2 ./Core/Src/blinky_led.o
 .debug_macro   0x0000000000014272       0x27 ./Core/Src/blinky_led.o
 .debug_macro   0x0000000000014299      0x12f ./Core/Src/blinky_led.o
 .debug_macro   0x00000000000143c8      0x1bc ./Core/Src/blinky_led.o
 .debug_macro   0x0000000000014584       0x34 ./Core/Src/blinky_led.o
 .debug_macro   0x00000000000145b8       0x3c ./Core/Src/blinky_led.o
 .debug_macro   0x00000000000145f4       0x57 ./Core/Src/blinky_led.o
 .debug_macro   0x000000000001464b       0x87 ./Core/Src/blinky_led.o
 .debug_macro   0x00000000000146d2      0x183 ./Core/Src/blinky_led.o
 .debug_macro   0x0000000000014855      0x140 ./Core/Src/blinky_led.o
 .debug_macro   0x0000000000014995      0x8ed ./Core/Src/blinky_led.o
 .debug_macro   0x0000000000015282       0x69 ./Core/Src/blinky_led.o
 .debug_macro   0x00000000000152eb      0x100 ./Core/Src/blinky_led.o
 .debug_macro   0x00000000000153eb       0x58 ./Core/Src/blinky_led.o
 .debug_macro   0x0000000000015443      0x1c8 ./Core/Src/button.o
 .debug_macro   0x000000000001560b      0x1c3 ./Core/Src/display7SEG.o
 .debug_macro   0x00000000000157ce      0x1eb ./Core/Src/fsm_main.o
 .debug_macro   0x00000000000159b9       0x1a ./Core/Src/global.o
 .debug_macro   0x00000000000159d3      0x1b9 ./Core/Src/led_control.o
 .debug_macro   0x0000000000015b8c      0x1ff ./Core/Src/main.o
 .debug_macro   0x0000000000015d8b       0x24 ./Core/Src/software_timer.o
 .debug_macro   0x0000000000015daf      0x1a6 ./Core/Src/stm32f1xx_hal_msp.o
 .debug_macro   0x0000000000015f55      0x1b0 ./Core/Src/stm32f1xx_it.o
 .debug_macro   0x0000000000016105      0x197 ./Core/Src/system_stm32f1xx.o
 .debug_macro   0x000000000001629c      0x1bb ./Drivers/STM32F1xx_HAL_Driver/Src/stm32f1xx_hal.o
 .debug_macro   0x0000000000016457      0x197 ./Drivers/STM32F1xx_HAL_Driver/Src/stm32f1xx_hal_cortex.o
 .debug_macro   0x00000000000165ee      0x202 ./Drivers/STM32F1xx_HAL_Driver/Src/stm32f1xx_hal_gpio.o
 .debug_macro   0x00000000000167f0      0x1a9 ./Drivers/STM32F1xx_HAL_Driver/Src/stm32f1xx_hal_rcc.o
 .debug_macro   0x0000000000016999      0x198 ./Drivers/STM32F1xx_HAL_Driver/Src/stm32f1xx_hal_tim.o
 .debug_macro   0x0000000000016b31      0x197 ./Drivers/STM32F1xx_HAL_Driver/Src/stm32f1xx_hal_tim_ex.o

.debug_line     0x0000000000000000     0xc385
 .debug_line    0x0000000000000000      0x752 ./Core/Src/blinky_led.o
 .debug_line    0x0000000000000752      0x848 ./Core/Src/button.o
 .debug_line    0x0000000000000f9a      0x860 ./Core/Src/display7SEG.o
 .debug_line    0x00000000000017fa      0x943 ./Core/Src/fsm_main.o
 .debug_line    0x000000000000213d       0x4d ./Core/Src/global.o
 .debug_line    0x000000000000218a      0x731 ./Core/Src/led_control.o
 .debug_line    0x00000000000028bb      0x8d2 ./Core/Src/main.o
 .debug_line    0x000000000000318d      0x177 ./Core/Src/software_timer.o
 .debug_line    0x0000000000003304      0x740 ./Core/Src/stm32f1xx_hal_msp.o
 .debug_line    0x0000000000003a44      0x7bf ./Core/Src/stm32f1xx_it.o
 .debug_line    0x0000000000004203      0x763 ./Core/Src/system_stm32f1xx.o
 .debug_line    0x0000000000004966       0x78 ./Core/Startup/startup_stm32f103c6tx.o
 .debug_line    0x00000000000049de      0x990 ./Drivers/STM32F1xx_HAL_Driver/Src/stm32f1xx_hal.o
 .debug_line    0x000000000000536e      0xb78 ./Drivers/STM32F1xx_HAL_Driver/Src/stm32f1xx_hal_cortex.o
 .debug_line    0x0000000000005ee6      0xa14 ./Drivers/STM32F1xx_HAL_Driver/Src/stm32f1xx_hal_gpio.o
 .debug_line    0x00000000000068fa      0xd99 ./Drivers/STM32F1xx_HAL_Driver/Src/stm32f1xx_hal_rcc.o
 .debug_line    0x0000000000007693     0x3433 ./Drivers/STM32F1xx_HAL_Driver/Src/stm32f1xx_hal_tim.o
 .debug_line    0x000000000000aac6     0x18bf ./Drivers/STM32F1xx_HAL_Driver/Src/stm32f1xx_hal_tim_ex.o

.debug_str      0x0000000000000000    0x825e9
 .debug_str     0x0000000000000000    0x7f77b ./Core/Src/blinky_led.o
                                      0x7faa2 (size before relaxing)
 .debug_str     0x000000000007f77b      0x1d8 ./Core/Src/button.o
                                      0x7fb59 (size before relaxing)
 .debug_str     0x000000000007f953       0xef ./Core/Src/display7SEG.o
                                      0x7fb3b (size before relaxing)
 .debug_str     0x000000000007fa42      0x11f ./Core/Src/fsm_main.o
                                      0x7fc27 (size before relaxing)
 .debug_str     0x000000000007fb61       0x2d ./Core/Src/global.o
                                       0x2ecd (size before relaxing)
 .debug_str     0x000000000007fb8e       0x1a ./Core/Src/led_control.o
                                      0x7fa9b (size before relaxing)
 .debug_str     0x000000000007fba8      0x7b2 ./Core/Src/main.o
                                      0x8034c (size before relaxing)
 .debug_str     0x000000000008035a       0x71 ./Core/Src/software_timer.o
                                       0x2f0a (size before relaxing)
 .debug_str     0x00000000000803cb      0x2d2 ./Core/Src/stm32f1xx_hal_msp.o
                                      0x8016f (size before relaxing)
 .debug_str     0x000000000008069d       0xec ./Core/Src/stm32f1xx_it.o
                                      0x7fed8 (size before relaxing)
 .debug_str     0x0000000000080789       0x7e ./Core/Src/system_stm32f1xx.o
                                      0x7f617 (size before relaxing)
 .debug_str     0x0000000000080807       0x34 ./Core/Startup/startup_stm32f103c6tx.o
                                         0x4d (size before relaxing)
 .debug_str     0x000000000008083b      0x38e ./Drivers/STM32F1xx_HAL_Driver/Src/stm32f1xx_hal.o
                                      0x7fd10 (size before relaxing)
 .debug_str     0x0000000000080bc9      0x29e ./Drivers/STM32F1xx_HAL_Driver/Src/stm32f1xx_hal_cortex.o
                                      0x7fc5c (size before relaxing)
 .debug_str     0x0000000000080e67      0x2f6 ./Drivers/STM32F1xx_HAL_Driver/Src/stm32f1xx_hal_gpio.o
                                      0x7f99d (size before relaxing)
 .debug_str     0x000000000008115d      0x229 ./Drivers/STM32F1xx_HAL_Driver/Src/stm32f1xx_hal_rcc.o
                                      0x7fa46 (size before relaxing)
 .debug_str     0x0000000000081386      0xdd0 ./Drivers/STM32F1xx_HAL_Driver/Src/stm32f1xx_hal_tim.o
                                      0x80a38 (size before relaxing)
 .debug_str     0x0000000000082156      0x493 ./Drivers/STM32F1xx_HAL_Driver/Src/stm32f1xx_hal_tim_ex.o
                                      0x80254 (size before relaxing)

.debug_frame    0x0000000000000000     0x29d4
 .debug_frame   0x0000000000000000       0x64 ./Core/Src/blinky_led.o
 .debug_frame   0x0000000000000064      0x118 ./Core/Src/button.o
 .debug_frame   0x000000000000017c       0xb8 ./Core/Src/display7SEG.o
 .debug_frame   0x0000000000000234       0x48 ./Core/Src/fsm_main.o
 .debug_frame   0x000000000000027c       0x74 ./Core/Src/led_control.o
 .debug_frame   0x00000000000002f0       0xf8 ./Core/Src/main.o
 .debug_frame   0x00000000000003e8       0xf8 ./Core/Src/software_timer.o
 .debug_frame   0x00000000000004e0       0x80 ./Core/Src/stm32f1xx_hal_msp.o
 .debug_frame   0x0000000000000560      0x120 ./Core/Src/stm32f1xx_it.o
 .debug_frame   0x0000000000000680       0x58 ./Core/Src/system_stm32f1xx.o
 .debug_frame   0x00000000000006d8      0x334 ./Drivers/STM32F1xx_HAL_Driver/Src/stm32f1xx_hal.o
 .debug_frame   0x0000000000000a0c      0x428 ./Drivers/STM32F1xx_HAL_Driver/Src/stm32f1xx_hal_cortex.o
 .debug_frame   0x0000000000000e34      0x14c ./Drivers/STM32F1xx_HAL_Driver/Src/stm32f1xx_hal_gpio.o
 .debug_frame   0x0000000000000f80      0x218 ./Drivers/STM32F1xx_HAL_Driver/Src/stm32f1xx_hal_rcc.o
 .debug_frame   0x0000000000001198     0x11b8 ./Drivers/STM32F1xx_HAL_Driver/Src/stm32f1xx_hal_tim.o
 .debug_frame   0x0000000000002350      0x638 ./Drivers/STM32F1xx_HAL_Driver/Src/stm32f1xx_hal_tim_ex.o
 .debug_frame   0x0000000000002988       0x20 C:/ST/STM32CubeIDE_1.13.1/STM32CubeIDE/plugins/com.st.stm32cube.ide.mcu.externaltools.gnu-tools-for-stm32.11.3.rel1.win32_1.1.0.202305231506/tools/bin/../lib/gcc/arm-none-eabi/11.3.1/../../../../arm-none-eabi/lib/thumb/v7-m/nofp\libc_nano.a(libc_a-memset.o)
 .debug_frame   0x00000000000029a8       0x2c C:/ST/STM32CubeIDE_1.13.1/STM32CubeIDE/plugins/com.st.stm32cube.ide.mcu.externaltools.gnu-tools-for-stm32.11.3.rel1.win32_1.1.0.202305231506/tools/bin/../lib/gcc/arm-none-eabi/11.3.1/../../../../arm-none-eabi/lib/thumb/v7-m/nofp\libc_nano.a(libc_a-init.o)

.debug_line_str
                0x0000000000000000       0x41
 .debug_line_str
                0x0000000000000000       0x41 ./Core/Startup/startup_stm32f103c6tx.o
                                         0x59 (size before relaxing)
